--- ch01.md ---
- 一次要求 Codex 做太多事
- 沒有限制使用的技術
- 沒有說明輸出格式
- 沒有測試就繼續加功能
- 看不懂程式碼也直接複製貼上

--- ch02.md ---
- CSS 檔案名稱和 HTML 連結名稱不一致
- JavaScript 檔案沒有用 `<script>` 載入
- 修改檔案後忘記儲存
- 瀏覽器沒有重新整理

--- ch03.md ---
- 沒有說「只修改哪個檔案」
- 同時要求新增功能、改版面、修 bug
- Codex 回答後沒有測試
- 不看錯誤訊息，只說「不能用」

--- ch04.md ---
- 用太多沒有意義的 `div`
- 為了字變大而亂用標題層級
- 忘記替連結加上 `href`
- 頁面只有內容，沒有清楚區塊

--- ch05.md ---
- 所有元素都直接指定固定寬度
- 忘記處理手機版
- 顏色太多導致畫面混亂
- 圓角與陰影太重
- 文字行距太窄，閱讀吃力

--- ch06.md ---
- JavaScript 執行時 HTML 元素還不存在
- `id` 名稱和 `querySelector` 不一致
- 忘記把數字更新回畫面
- 把所有邏輯都寫在 HTML 裡

--- ch07.md ---
- 沒有阻止空白內容加入清單
- 只更新變數，沒有更新畫面
- 每次新增都覆蓋掉舊內容
- 按鈕沒有設定事件監聽

--- ch08.md ---
- 還沒規劃就要求 Codex 直接寫完整專案
- 沒有說明技術限制
- 沒有指定只修改哪個檔案
- 沒有定義驗收標準
- 一次要求太多互動功能

--- ch09.md ---
- 一開始就要求 Codex 同時完成 HTML、CSS、JavaScript
- 作品卡片只有樣式，沒有清楚內容
- 手機版導覽列無法使用
- Hero 標題太抽象，看不出這是誰的網站
- CSS 為了好看加入太多顏色與陰影

--- ch10.md ---
- 只改畫面，沒有改資料陣列
- 改了資料，忘記重新渲染畫面
- 儲存到 `localStorage` 前沒有轉成 JSON 字串
- 讀取 `localStorage` 後沒有轉回陣列
- 每個項目沒有唯一 `id`

--- ch11.md ---
- 連續輸入多個小數點
- 按完等號後再輸入數字時沒有重置
- 運算子切換時狀態沒有更新
- 除以 0 沒有處理
- 用 `eval()` 逃避狀態邏輯

--- ch12.md ---
- 分類按鈕的值和卡片 `data-category` 不一致
- modal 開啟後沒有提供關閉方式
- 手機版圖片太小或排列擠在一起
- 只隱藏圖片，沒有更新分類按鈕的 active 狀態
- 鍵盤 Escape 沒有處理

--- ch13.md ---
- 進度條只改文字，沒有改寬度
- 完成狀態存在畫面上，沒有存在資料中
- localStorage 只存一個值，無法對應多個課程
- 重置後沒有重新渲染
- 課程資料和畫面內容重複寫兩份

--- ch14.md ---
- 還沒看懂檔案分工就開始改
- 一次要求 Codex 大幅重構
- 修改 HTML 後忘記同步 CSS 選擇器
- 修改 JavaScript 後沒有測試點擊流程
- 不保存可運作版本

--- ch15.md ---
類型

#

--- ch16.md ---
- 還沒測試就連續加功能
- 一次要求 Codex 改太多檔案
- 沒有寫完成標準
- 出錯後直接要求重寫
- 沒有保存能運作的版本

--- ch17.md ---
- 作品只有標題，沒有說明學到什麼
- 首頁標題太抽象
- 卡片太多資訊，難以掃讀
- 手機版卡片擠在一起
- 分類篩選後沒有更新 active 狀態

--- ch18.md ---
- 還沒熟悉基礎就急著學框架
- 學了很多工具但沒有作品
- 沒有使用版本控制
- 作品沒有部署，無法展示
- 每次都開新專案，沒有深化舊作品

